/PS C:\Users\gurve\OneDrive\Documents\GurveerFiles\data gsb\Git UWinnipeg> git help
usage: git [-v | --version] [-h | --help] [-C <path>] [-c <name>=<value>]
           [--exec-path[=<path>]] [--html-path] [--man-path] [--info-path]
           [-p | --paginate | -P | --no-pager] [--no-replace-objects] [--no-lazy-fetch]
           [--no-optional-locks] [--no-advice] [--bare] [--git-dir=<path>]
           [--work-tree=<path>] [--namespace=<name>] [--config-env=<name>=<envvar>]
           <command> [<args>]

These are common Git commands used in various situations:

start a working area (see also: git help tutorial)
   clone      Clone a repository into a new directory
   init       Create an empty Git repository or reinitialize an existing one

work on the current change (see also: git help everyday)
   add        Add file contents to the index
   mv         Move or rename a file, a directory, or a symlink
   restore    Restore working tree files
   rm         Remove files from the working tree and from the index

examine the history and state (see also: git help revisions)
   bisect     Use binary search to find the commit that introduced a bug
   diff       Show changes between commits, commit and working tree, etc
   grep       Print lines matching a pattern
   log        Show commit logs
   show       Show various types of objects
   status     Show the working tree status

grow, mark and tweak your common history
   backfill   Download missing objects in a partial clone
   branch     List, create, or delete branches
   commit     Record changes to the repository
   merge      Join two or more development histories together
   rebase     Reapply commits on top of another base tip
   reset      Reset current HEAD to the specified state
   switch     Switch branches
   tag        Create, list, delete or verify a tag object signed with GPG

collaborate (see also: git help workflows)
   fetch      Download objects and refs from another repository
   pull       Fetch from and integrate with another repository or a local branch
   push       Update remote refs along with associated objects

'git help -a' and 'git help -g' list available subcommands and some
concept guides. See 'git help <command>' or 'git help <concept>'
to read about a specific subcommand or concept.
See 'git help git' for an overview of the system.
PS C:\Users\gurve\OneDrive\Documents\GurveerFiles\data gsb\Git UWinnipeg> git help ls
fatal: 'C:/Program Files/Git/mingw64/share/doc/git-doc/gitls.html': documentation file not found.
PS C:\Users\gurve\OneDrive\Documents\GurveerFiles\data gsb\Git UWinnipeg> git help config
PS C:\Users\gurve\OneDrive\Documents\GurveerFiles\data gsb\Git UWinnipeg> mkdir firstfolder


    Directory: C:\Users\gurve\OneDrive\Documents\GurveerFiles\data gsb\Git UWinnipeg


Mode                 LastWriteTime         Length Name
----                 -------------         ------ ----
d-----         1/30/2025   5:11 PM                firstfolder


PS C:\Users\gurve\OneDrive\Documents\GurveerFiles\data gsb\Git UWinnipeg> git init
Initialized empty Git repository in C:/Users/gurve/OneDrive/Documents/GurveerFiles/data gsb/Git UWinnipeg/.git/
PS C:\Users\gurve\OneDrive\Documents\GurveerFiles\data gsb\Git UWinnipeg> git status
On branch master

No commits yet

nothing to commit (create/copy files and use "git add" to track)
PS C:\Users\gurve\OneDrive\Documents\GurveerFiles\data gsb\Git UWinnipeg> git help cd
fatal: 'C:/Program Files/Git/mingw64/share/doc/git-doc/gitcd.html': documentation file not found.
PS C:\Users\gurve\OneDrive\Documents\GurveerFiles\data gsb\Git UWinnipeg> git add a.txt
PS C:\Users\gurve\OneDrive\Documents\GurveerFiles\data gsb\Git UWinnipeg> git status
On branch master

No commits yet

Changes to be committed:
  (use "git rm --cached <file>..." to unstage)
        new file:   a.txt

PS C:\Users\gurve\OneDrive\Documents\GurveerFiles\data gsb\Git UWinnipeg> git status
On branch master

No commits yet

Changes to be committed:
  (use "git rm --cached <file>..." to unstage)
        new file:   a.txt

Untracked files:
  (use "git add <file>..." to include in what will be committed)
        b.txt
        c.txt

PS C:\Users\gurve\OneDrive\Documents\GurveerFiles\data gsb\Git UWinnipeg> git add .
PS C:\Users\gurve\OneDrive\Documents\GurveerFiles\data gsb\Git UWinnipeg> .gitignore
.gitignore : The term '.gitignore' is not recognized as the name of a cmdlet, function, script file, or operable program. Check the spelling of the name, or if a 
path was included, verify that the path is correct and try again.
At line:1 char:1
+ .gitignore
+ ~~~~~~~~~~
    + CategoryInfo          : ObjectNotFound: (.gitignore:String) [], CommandNotFoundException
    + FullyQualifiedErrorId : CommandNotFoundException

PS C:\Users\gurve\OneDrive\Documents\GurveerFiles\data gsb\Git UWinnipeg> touch .gitignore
touch : The term 'touch' is not recognized as the name of a cmdlet, function, script file, or operable program. Check the spelling of the name, or if a path was 
included, verify that the path is correct and try again.
At line:1 char:1
+ touch .gitignore
+ ~~~~~
    + CategoryInfo          : ObjectNotFound: (touch:String) [], CommandNotFoundException
    + FullyQualifiedErrorId : CommandNotFoundException

PS C:\Users\gurve\OneDrive\Documents\GurveerFiles\data gsb\Git UWinnipeg> add .gitignore
add : The term 'add' is not recognized as the name of a cmdlet, function, script file, or operable program. Check the spelling of the name, or if a path was 
included, verify that the path is correct and try again.
At line:1 char:1
+ add .gitignore
+ ~~~
    + CategoryInfo          : ObjectNotFound: (add:String) [], CommandNotFoundException
    + FullyQualifiedErrorId : CommandNotFoundException

PS C:\Users\gurve\OneDrive\Documents\GurveerFiles\data gsb\Git UWinnipeg> git status 
On branch master

No commits yet

Changes to be committed:
  (use "git rm --cached <file>..." to unstage)
        new file:   a.txt
        new file:   b.txt
        new file:   c.txt

Untracked files:
  (use "git add <file>..." to include in what will be committed)
        .gitignore
        xyz.env

PS C:\Users\gurve\OneDrive\Documents\GurveerFiles\data gsb\Git UWinnipeg> touch .gitignore
touch : The term 'touch' is not recognized as the name of a cmdlet, function, script file, or operable program. Check the spelling of the name, or if a path was 
included, verify that the path is correct and try again.
At line:1 char:1
+ touch .gitignore
+ ~~~~~
    + CategoryInfo          : ObjectNotFound: (touch:String) [], CommandNotFoundException
    + FullyQualifiedErrorId : CommandNotFoundException

PS C:\Users\gurve\OneDrive\Documents\GurveerFiles\data gsb\Git UWinnipeg> git status
On branch master

No commits yet

Changes to be committed:
  (use "git rm --cached <file>..." to unstage)
        new file:   a.txt
        new file:   b.txt
        new file:   c.txt

Untracked files:
  (use "git add <file>..." to include in what will be committed)
        .gitignore
        xyz.env

PS C:\Users\gurve\OneDrive\Documents\GurveerFiles\data gsb\Git UWinnipeg> git status
On branch master

No commits yet

Changes to be committed:
  (use "git rm --cached <file>..." to unstage)
        new file:   a.txt
        new file:   b.txt
        new file:   c.txt

Untracked files:
  (use "git add <file>..." to include in what will be committed)
        .gitignore
        xyz.env

PS C:\Users\gurve\OneDrive\Documents\GurveerFiles\data gsb\Git UWinnipeg> git status
On branch master

No commits yet

Changes to be committed:
  (use "git rm --cached <file>..." to unstage)
        new file:   a.txt
        new file:   b.txt
        new file:   c.txt

Untracked files:
  (use "git add <file>..." to include in what will be committed)
        .gitignore

PS C:\Users\gurve\OneDrive\Documents\GurveerFiles\data gsb\Git UWinnipeg> git add .gitignore
PS C:\Users\gurve\OneDrive\Documents\GurveerFiles\data gsb\Git UWinnipeg> git status
On branch master

No commits yet

Changes to be committed:
  (use "git rm --cached <file>..." to unstage)
        new file:   .gitignore
        new file:   a.txt
        new file:   b.txt
        new file:   c.txt

PS C:\Users\gurve\OneDrive\Documents\GurveerFiles\data gsb\Git UWinnipeg> git commit -m "Descriptive commit message"
Author identity unknown

*** Please tell me who you are.

Run

  git config --global user.email "you@example.com"
  git config --global user.name "Your Name"

to set your account's default identity.
Omit --global to set the identity only in this repository.

fatal: unable to auto-detect email address (got 'gurve@GsbDell.(none)')
PS C:\Users\gurve\OneDrive\Documents\GurveerFiles\data gsb\Git UWinnipeg> git config --global user.email gurveersingh22122005@gmail.com
PS C:\Users\gurve\OneDrive\Documents\GurveerFiles\data gsb\Git UWinnipeg> git commit -m "Descriptive commit message"
[master (root-commit) 1b786b7] Descriptive commit message
 4 files changed, 1 insertion(+)
 create mode 100644 .gitignore
 create mode 100644 a.txt
 create mode 100644 b.txt
 create mode 100644 c.txt
PS C:\Users\gurve\OneDrive\Documents\GurveerFiles\data gsb\Git UWinnipeg> git log
commit 1b786b7faed3af898a4d9c65d4871e3b3edb6e7c (HEAD -> master)
Author: Gurveer Git <gurveersingh22122005@gmail.com>
Date:   Thu Jan 30 17:37:07 2025 -0600

    Descriptive commit message
PS C:\Users\gurve\OneDrive\Documents\GurveerFiles\data gsb\Git UWinnipeg> git status
On branch master
nothing to commit, working tree clean
PS C:\Users\gurve\OneDrive\Documents\GurveerFiles\data gsb\Git UWinnipeg> git status
On branch master
Changes not staged for commit:
  (use "git add <file>..." to update what will be committed)
  (use "git restore <file>..." to discard changes in working directory)
        modified:   b.txt

no changes added to commit (use "git add" and/or "git commit -a")
PS C:\Users\gurve\OneDrive\Documents\GurveerFiles\data gsb\Git UWinnipeg> git status
On branch master
Changes not staged for commit:
  (use "git add <file>..." to update what will be committed)
  (use "git restore <file>..." to discard changes in working directory)
        modified:   a.txt
        modified:   b.txt

no changes added to commit (use "git add" and/or "git commit -a")
PS C:\Users\gurve\OneDrive\Documents\GurveerFiles\data gsb\Git UWinnipeg> git add c
fatal: pathspec 'c' did not match any files
PS C:\Users\gurve\OneDrive\Documents\GurveerFiles\data gsb\Git UWinnipeg> git add c.txt
PS C:\Users\gurve\OneDrive\Documents\GurveerFiles\data gsb\Git UWinnipeg> git commit -m "Descriptive commit message2"
On branch master
Changes not staged for commit:
  (use "git add <file>..." to update what will be committed)
  (use "git restore <file>..." to discard changes in working directory)
        modified:   a.txt
        modified:   b.txt

no changes added to commit (use "git add" and/or "git commit -a")
PS C:\Users\gurve\OneDrive\Documents\GurveerFiles\data gsb\Git UWinnipeg> git status
On branch master
Changes not staged for commit:
  (use "git add <file>..." to update what will be committed)
  (use "git restore <file>..." to discard changes in working directory)
        modified:   a.txt
        modified:   b.txt

no changes added to commit (use "git add" and/or "git commit -a")
PS C:\Users\gurve\OneDrive\Documents\GurveerFiles\data gsb\Git UWinnipeg> git log
commit 1b786b7faed3af898a4d9c65d4871e3b3edb6e7c (HEAD -> master)
Author: Gurveer Git <gurveersingh22122005@gmail.com>
Date:   Thu Jan 30 17:37:07 2025 -0600

    Descriptive commit message
PS C:\Users\gurve\OneDrive\Documents\GurveerFiles\data gsb\Git UWinnipeg> git commit -m "yo"o                          
error: pathspec 'o' did not match any file(s) known to git
PS C:\Users\gurve\OneDrive\Documents\GurveerFiles\data gsb\Git UWinnipeg> git commit -m "yo"                        
On branch master
Changes not staged for commit:
  (use "git add <file>..." to update what will be committed)
  (use "git restore <file>..." to discard changes in working directory)
        modified:   a.txt
        modified:   b.txt

no changes added to commit (use "git add" and/or "git commit -a")
PS C:\Users\gurve\OneDrive\Documents\GurveerFiles\data gsb\Git UWinnipeg> git log
commit 1b786b7faed3af898a4d9c65d4871e3b3edb6e7c (HEAD -> master)
Author: Gurveer Git <gurveersingh22122005@gmail.com>
Date:   Thu Jan 30 17:37:07 2025 -0600

    Descriptive commit message
PS C:\Users\gurve\OneDrive\Documents\GurveerFiles\data gsb\Git UWinnipeg> git commit -m "line added in a"
On branch master
Changes not staged for commit:
  (use "git add <file>..." to update what will be committed)
  (use "git restore <file>..." to discard changes in working directory)
        modified:   a.txt
        modified:   b.txt

no changes added to commit (use "git add" and/or "git commit -a")
PS C:\Users\gurve\OneDrive\Documents\GurveerFiles\data gsb\Git UWinnipeg> git log
commit 1b786b7faed3af898a4d9c65d4871e3b3edb6e7c (HEAD -> master)
Author: Gurveer Git <gurveersingh22122005@gmail.com>
Date:   Thu Jan 30 17:37:07 2025 -0600

    Descriptive commit message
PS C:\Users\gurve\OneDrive\Documents\GurveerFiles\data gsb\Git UWinnipeg> git add a.txt
PS C:\Users\gurve\OneDrive\Documents\GurveerFiles\data gsb\Git UWinnipeg> git status
On branch master
Changes to be committed:
  (use "git restore --staged <file>..." to unstage)
        modified:   a.txt

Changes not staged for commit:
  (use "git add <file>..." to update what will be committed)
  (use "git restore <file>..." to discard changes in working directory)
        modified:   b.txt

PS C:\Users\gurve\OneDrive\Documents\GurveerFiles\data gsb\Git UWinnipeg> git log
commit 1b786b7faed3af898a4d9c65d4871e3b3edb6e7c (HEAD -> master)
Author: Gurveer Git <gurveersingh22122005@gmail.com>
Date:   Thu Jan 30 17:37:07 2025 -0600

    Descriptive commit message
PS C:\Users\gurve\OneDrive\Documents\GurveerFiles\data gsb\Git UWinnipeg> git commit -m "added lines in a"          
[master f01ae14] added lines in a
 1 file changed, 2 insertions(+)
PS C:\Users\gurve\OneDrive\Documents\GurveerFiles\data gsb\Git UWinnipeg> git log
commit f01ae146a72471ce317624ec18355437200bbd96 (HEAD -> master)
Author: Gurveer Git <gurveersingh22122005@gmail.com>
Date:   Thu Jan 30 17:44:33 2025 -0600

    added lines in a

commit 1b786b7faed3af898a4d9c65d4871e3b3edb6e7c
Author: Gurveer Git <gurveersingh22122005@gmail.com>
Date:   Thu Jan 30 17:37:07 2025 -0600

    Descriptive commit message
(END)